20:13:03 **** Incremental Build of configuration Debug for project task3 ****
make -j8 all 
arm-none-eabi-gcc "../Core/Src/main.c" -mcpu=cortex-m4 -std=gnu11 -g3 -DDEBUG -DSTM32F401xC -c -I../Core/Inc -I../Drivers/STM32F4xx_HAL_Driver/Inc -I../Drivers/STM32F4xx_HAL_Driver/Inc/Legacy -I../Drivers/CMSIS/Device/ST/STM32F4xx/Include -I../Drivers/CMSIS/Include -O0 -ffunction-sections -fdata-sections -Wall -fstack-usage -MMD -MP -MF"Core/Src/main.d" -MT"Core/Src/main.o" --specs=nano.specs -mfpu=fpv4-sp-d16 -mfloat-abi=hard -mthumb -o "Core/Src/main.o"
arm-none-eabi-gcc -o "task3.elf" @"objects.list"   -mcpu=cortex-m4 -T"D:\1st\embedded\tasks\assigments\task3\task3\STM32F401CCFX_FLASH.ld" --specs=nosys.specs -Wl,-Map="task3.map" -Wl,--gc-sections -static --specs=nano.specs -mfpu=fpv4-sp-d16 -mfloat-abi=hard -mthumb -Wl,--start-group -lc -lm -Wl,--end-group
Finished building target: task3.elf
 
arm-none-eabi-size   task3.elf 
arm-none-eabi-objdump -h -S  task3.elf  > "task3.list"
arm-none-eabi-objcopy  -O ihex  task3.elf  "task3.hex"
arm-none-eabi-objcopy  -O binary  task3.elf  "task3.bin"
   text	   data	    bss	    dec	    hex	filename
   1832	      8	   1568	   3408	    d50	task3.elf
Finished building: default.size.stdout
 
Finished building: task3.hex
Finished building: task3.bin
 
Finished building: task3.list
 
 
