03:48:53 **** Incremental Build of configuration Debug for project task2 ****
make -j8 all 
arm-none-eabi-gcc "../Core/Src/main.c" -mcpu=cortex-m4 -std=gnu11 -g3 -DDEBUG -DUSE_HAL_DRIVER -DSTM32F401xC -c -I../Core/Inc -I../Drivers/STM32F4xx_HAL_Driver/Inc -I../Drivers/STM32F4xx_HAL_Driver/Inc/Legacy -I../Drivers/CMSIS/Device/ST/STM32F4xx/Include -I../Drivers/CMSIS/Include -O0 -ffunction-sections -fdata-sections -Wall -fstack-usage -MMD -MP -MF"Core/Src/main.d" -MT"Core/Src/main.o" --specs=nano.specs -mfpu=fpv4-sp-d16 -mfloat-abi=hard -mthumb -o "Core/Src/main.o"
arm-none-eabi-gcc -o "task2.elf" @"objects.list"   -mcpu=cortex-m4 -T"D:\1st\embedded\tasks\assigments\task2\task2\STM32F401CCFX_FLASH.ld" --specs=nosys.specs -Wl,-Map="task2.map" -Wl,--gc-sections -static --specs=nano.specs -mfpu=fpv4-sp-d16 -mfloat-abi=hard -mthumb -Wl,--start-group -lc -lm -Wl,--end-group
Finished building target: task2.elf
 
arm-none-eabi-size   task2.elf 
arm-none-eabi-objdump -h -S  task2.elf  > "task2.list"
arm-none-eabi-objcopy  -O ihex  task2.elf  "task2.hex"
arm-none-eabi-objcopy  -O binary  task2.elf  "task2.bin"
   text	   data	    bss	    dec	    hex	filename
    936	      8	   1568	   2512	    9d0	task2.elf
Finished building: default.size.stdout
 
Finished building: task2.hex
Finished building: task2.bin
Finished building: task2.list
 
 
 
