04:48:14 **** Incremental Build of configuration Debug for project lab6 ****
make -j8 all 
arm-none-eabi-gcc "../Core/Src/GPIO.c" -mcpu=cortex-m4 -std=gnu11 -g3 -DDEBUG -DSTM32F401xC -c -I../Core/Inc -I../Drivers/STM32F4xx_HAL_Driver/Inc -I../Drivers/STM32F4xx_HAL_Driver/Inc/Legacy -I../Drivers/CMSIS/Device/ST/STM32F4xx/Include -I../Drivers/CMSIS/Include -O0 -ffunction-sections -fdata-sections -Wall -fstack-usage -MMD -MP -MF"Core/Src/GPIO.d" -MT"Core/Src/GPIO.o" --specs=nano.specs -mfpu=fpv4-sp-d16 -mfloat-abi=hard -mthumb -o "Core/Src/GPIO.o"
arm-none-eabi-gcc "../Core/Src/Keypad.c" -mcpu=cortex-m4 -std=gnu11 -g3 -DDEBUG -DSTM32F401xC -c -I../Core/Inc -I../Drivers/STM32F4xx_HAL_Driver/Inc -I../Drivers/STM32F4xx_HAL_Driver/Inc/Legacy -I../Drivers/CMSIS/Device/ST/STM32F4xx/Include -I../Drivers/CMSIS/Include -O0 -ffunction-sections -fdata-sections -Wall -fstack-usage -MMD -MP -MF"Core/Src/Keypad.d" -MT"Core/Src/Keypad.o" --specs=nano.specs -mfpu=fpv4-sp-d16 -mfloat-abi=hard -mthumb -o "Core/Src/Keypad.o"
arm-none-eabi-gcc "../Core/Src/main.c" -mcpu=cortex-m4 -std=gnu11 -g3 -DDEBUG -DSTM32F401xC -c -I../Core/Inc -I../Drivers/STM32F4xx_HAL_Driver/Inc -I../Drivers/STM32F4xx_HAL_Driver/Inc/Legacy -I../Drivers/CMSIS/Device/ST/STM32F4xx/Include -I../Drivers/CMSIS/Include -O0 -ffunction-sections -fdata-sections -Wall -fstack-usage -MMD -MP -MF"Core/Src/main.d" -MT"Core/Src/main.o" --specs=nano.specs -mfpu=fpv4-sp-d16 -mfloat-abi=hard -mthumb -o "Core/Src/main.o"
arm-none-eabi-gcc -o "lab6.elf" @"objects.list"   -mcpu=cortex-m4 -T"D:\1st\embedded\tasks\labs\lab6\lab6\STM32F401CCFX_FLASH.ld" --specs=nosys.specs -Wl,-Map="lab6.map" -Wl,--gc-sections -static --specs=nano.specs -mfpu=fpv4-sp-d16 -mfloat-abi=hard -mthumb -Wl,--start-group -lc -lm -Wl,--end-group
Finished building target: lab6.elf
 
arm-none-eabi-size   lab6.elf 
arm-none-eabi-objdump -h -S  lab6.elf  > "lab6.list"
arm-none-eabi-objcopy  -O ihex  lab6.elf  "lab6.hex"
arm-none-eabi-objcopy  -O binary  lab6.elf  "lab6.bin"
   text	   data	    bss	    dec	    hex	filename
   1988	    112	   1592	   3692	    e6c	lab6.elf
Finished building: default.size.stdout
 
Finished building: lab6.bin
Finished building: lab6.hex
Finished building: lab6.list
 
 
 

04:48:15 Build Finished. 0 errors, 0 warnings. (took 1s.190ms)

